// Jest Snapshot v1, https://goo.gl/fbAQLP

exports[`testing of requires function render websockts require statement correctly 1`] = `
<Text>
  <Text>
    const WebSocket = require('ws');
  </Text>
</Text>
`;
