// Jest Snapshot v1, https://jestjs.io/docs/snapshot-testing

exports[`Requires component (integration with AsyncAPI document) renders correctly with null query 1`] = `
"import json
import certifi
import threading
import websocket"
`;

exports[`Requires component (integration with AsyncAPI document) renders correctly with query params 1`] = `
"import json
import certifi
import threading
import websocket
import os
from urllib.parse import urlencode"
`;

exports[`Requires component (integration with AsyncAPI document) renders correctly with undefined query 1`] = `
"import json
import certifi
import threading
import websocket"
`;
