// Jest Snapshot v1, https://goo.gl/fbAQLP

exports[`testing if generated client match snapshot generate simple client for hoppscotch echo 1`] = `
"//////////////////////////////////////////////////////////////////////
//
// Hoppscotch Echo WebSocket - 1.0.0
// Protocol: wss
// Host: echo-websocket.hoppscotch.io
//
//////////////////////////////////////////////////////////////////////

const WebSocket = require('ws');

class HoppscotchEchoWebSocketClient {
  constructor() {
    this.url = 'wss://echo-websocket.hoppscotch.io';
    this.websocket = null;
    this.messageHandlers = [];
    this.errorHandlers = [];
  }

  // Method to establish a WebSocket connection
  connect() {
    return new Promise((resolve, reject) => {
      this.websocket = new WebSocket(this.url);

      // On successful connection
      this.websocket.onopen = () => {
        console.log('Connected to Hoppscotch Echo WebSocket server');
        resolve();
      };

      // On receiving a message
      this.websocket.onmessage = (event) => {
        console.log('Message received:', event.data);

        this.messageHandlers.forEach(handler => {
          if (typeof handler === 'function') {
            this.handleMessage(event.data, handler);
          }
        });
      };

      // On error first call custom error handlers, then default error behavior
      this.websocket.onerror = (error) => {
        if (this.errorHandlers.length > 0) {
          // Call custom error handlers
          this.errorHandlers.forEach(handler => handler(error));
        } else {
          // Default error behavior
          console.error('WebSocket Error:', error);
        }
        reject(error);
      };

      // On connection close
      this.websocket.onclose = () => {
        console.log('Disconnected from Hoppscotch Echo WebSocket server');
      };
    });
  }

  // Method to register custom error handlers
  registerMessageHandler(handler) {
    if (typeof handler === 'function') {
      this.messageHandlers.push(handler);
    } else {
      console.warn('Message handler must be a function');
    }
  }

  // Method to register custom error handlers
  registerErrorHandler(handler) {
    if (typeof handler === 'function') {
      this.errorHandlers.push(handler);
    } else {
      console.warn('Error handler must be a function');
    }
  }

  // Method to handle message with callback
  handleMessage(message, cb) {
    if (cb) cb(message);
  }

  // Method to send an echo message to the server
  sendEchoMessage(message) {
    this.websocket.send(JSON.stringify(message));
    console.log('Sent message to echo server:', message);
  }

  // Method to close the WebSocket connection
  close() {
    if (this.websocket) {
      this.websocket.close();
      console.log('WebSocket connection closed.');
    }
  }
}

module.exports = HoppscotchEchoWebSocketClient;
"
`;

exports[`testing if generated client match snapshot generate simple client for postman echo 1`] = `
"//////////////////////////////////////////////////////////////////////
//
// Postman Echo WebSocket Client - 1.0.0
// Protocol: wss
// Host: ws.postman-echo.com
// Path: /raw
//
//////////////////////////////////////////////////////////////////////

const WebSocket = require('ws');

class PostmanEchoWebSocketClientClient {
  constructor() {
    this.url = 'wss://ws.postman-echo.com/raw';
    this.websocket = null;
    this.messageHandlers = [];
    this.errorHandlers = [];
  }

  // Method to establish a WebSocket connection
  connect() {
    return new Promise((resolve, reject) => {
      this.websocket = new WebSocket(this.url);

      // On successful connection
      this.websocket.onopen = () => {
        console.log('Connected to Postman Echo WebSocket Client server');
        resolve();
      };

      // On receiving a message
      this.websocket.onmessage = (event) => {
        console.log('Message received:', event.data);

        this.messageHandlers.forEach(handler => {
          if (typeof handler === 'function') {
            this.handleMessage(event.data, handler);
          }
        });
      };

      // On error first call custom error handlers, then default error behavior
      this.websocket.onerror = (error) => {
        if (this.errorHandlers.length > 0) {
          // Call custom error handlers
          this.errorHandlers.forEach(handler => handler(error));
        } else {
          // Default error behavior
          console.error('WebSocket Error:', error);
        }
        reject(error);
      };

      // On connection close
      this.websocket.onclose = () => {
        console.log('Disconnected from Postman Echo WebSocket Client server');
      };
    });
  }

  // Method to register custom error handlers
  registerMessageHandler(handler) {
    if (typeof handler === 'function') {
      this.messageHandlers.push(handler);
    } else {
      console.warn('Message handler must be a function');
    }
  }

  // Method to register custom error handlers
  registerErrorHandler(handler) {
    if (typeof handler === 'function') {
      this.errorHandlers.push(handler);
    } else {
      console.warn('Error handler must be a function');
    }
  }

  // Method to handle message with callback
  handleMessage(message, cb) {
    if (cb) cb(message);
  }

  // Method to send an echo message to the server
  sendEchoMessage(message) {
    this.websocket.send(JSON.stringify(message));
    console.log('Sent message to echo server:', message);
  }

  // Method to close the WebSocket connection
  close() {
    if (this.websocket) {
      this.websocket.close();
      console.log('WebSocket connection closed.');
    }
  }
}

module.exports = PostmanEchoWebSocketClientClient;
"
`;
