// Jest Snapshot v1, https://goo.gl/fbAQLP

exports[`Testing of OnClose function render dart OnClose method 1`] = `
"onDone: () {
        _channel = null;
        print('Disconnected from HoppscotchEchoWebSocketClient server');
      },"
`;

exports[`Testing of OnClose function render java quarkas OnClose method 1`] = `
"@OnClose
     public void onClose(CloseReason reason, WebSocketClientConnection connection) {
        int code = reason.getCode();
        LOG.info(\\"Websocket disconnected from HoppscotchEchoWebSocketClient with Close code: \\" + code);
    }
  }"
`;

exports[`Testing of OnClose function render javascript OnClose method 1`] = `
"// On connection close
    this.websocket.onclose = () => {
      console.log('Disconnected from HoppscotchEchoWebSocketClient server');
    };"
`;

exports[`Testing of OnClose function render python OnClose method 1`] = `
"def on_close(self, ws, close_status_code, close_msg):
  print(\\"Disconnected from HoppscotchEchoWebSocketClient\\", close_status_code, close_msg)"
`;
