// Jest Snapshot v1, https://goo.gl/fbAQLP

exports[`OnMessage renders per language renders dart OnMessage method 1`] = `
"(message) {
        if (_messageHandlers.isNotEmpty) {
          for (var handler in _messageHandlers) {
            _handleMessage(message, handler);
          }
        } else {
          print('Message received: $message');
        }
      },"
`;

exports[`OnMessage renders per language renders javascript OnMessage method 1`] = `
"// On receiving a message
    this.websocket.onmessage = (event) => {
      if (this.messageHandlers.length > 0) {
        // Call custom message handlers
        this.messageHandlers.forEach(handler => {
          if (typeof handler === 'function') {
            this.handleMessage(event.data, handler);
          }
        });
      } else {
        // Default message logging
        console.log('Message received:', event.data);
      }
    };"
`;

exports[`OnMessage renders per language renders python OnMessage method 1`] = `
"def on_message(self, ws, message):
  self.handle_message(message)"
`;
